<?xml version="1.0" encoding="UTF-8" standalone="no"?>
<!DOCTYPE html PUBLIC "-//W3C//DTD XHTML 1.0 Transitional//EN" "http://www.w3.org/TR/xhtml1/DTD/xhtml1-transitional.dtd"><html xmlns="http://www.w3.org/1999/xhtml"><head><meta http-equiv="Content-Type" content="text/html; charset=UTF-8" /><title>6.2. smartctl - Control and Monitor Utility for SMART Disks</title><link rel="stylesheet" type="text/css" href="..//docbook.css" /><meta name="generator" content="DocBook XSL Stylesheets V1.79.1" /><meta name="keywords" content="lscpu, chcpu" /><link rel="home" href="../index.html" title="Netkiller Linux Basics 手札" /><link rel="up" href="index.html" title="第 6 章 Device information" /><link rel="prev" href="index.html" title="第 6 章 Device information" /><link rel="next" href="device.cpu.html" title="6.3. CPU 资源管理" /></head><body><a xmlns="" href="http://www.netkiller.cn/">Home</a> |
		<a xmlns="" href="http://netkiller.github.io/">简体中文</a> |
	    <a xmlns="" href="http://netkiller.sourceforge.net/">繁体中文</a> |
	    <a xmlns="" href="/journal/index.html">杂文</a> |
	    <a xmlns="" href="/search.html">Search</a> |
	    <a xmlns="" href="http://netkiller-github-com.iteye.com/">ITEYE 博客</a> |
	    <a xmlns="" href="http://my.oschina.net/neochen/">OSChina 博客</a> |
	    <a xmlns="" href="https://www.facebook.com/bg7nyt">Facebook</a> |
	    <a xmlns="" href="http://cn.linkedin.com/in/netkiller/">Linkedin</a> |
	    <a xmlns="" href="https://zb.oschina.net/profile/725072/market">作品与服务</a> |
		<a xmlns="" href="mailto:netkiller@msn.com">Email</a><div class="navheader"><table width="100%" summary="Navigation header"><tr><th colspan="3" align="center">6.2. smartctl - Control and Monitor Utility for SMART Disks</th></tr><tr><td width="20%" align="left"><a accesskey="p" href="index.html">上一页</a> </td><th width="60%" align="center">第 6 章 Device information</th><td width="20%" align="right"> <a accesskey="n" href="device.cpu.html">下一页</a></td></tr></table><hr /></div><table xmlns=""><tr><td><iframe src="http://ghbtns.com/github-btn.html?user=netkiller&amp;repo=netkiller.github.io&amp;type=watch&amp;count=true&amp;size=large" height="30" width="170" frameborder="0" scrolling="0" style="width:170px; height: 30px;" allowTransparency="true"></iframe></td><td><iframe src="http://ghbtns.com/github-btn.html?user=netkiller&amp;repo=netkiller.github.io&amp;type=fork&amp;count=true&amp;size=large" height="30" width="170" frameborder="0" scrolling="0" style="width:170px; height: 30px;" allowTransparency="true"></iframe></td><td><iframe src="http://ghbtns.com/github-btn.html?user=netkiller&amp;type=follow&amp;count=true&amp;size=large" height="30" width="240" frameborder="0" scrolling="0" style="width:240px; height: 30px;" allowTransparency="true"></iframe></td></tr></table><div class="section"><div class="titlepage"><div><div><h2 class="title" style="clear: both"><a id="smartctl"></a>6.2. smartctl - Control and Monitor Utility for SMART Disks</h2></div></div></div>
		
		<pre class="screen">
# smartctl -i /dev/sda
smartctl version 5.38 [x86_64-redhat-linux-gnu] Copyright (C) 2002-8 Bruce Allen
Home page is http://smartmontools.sourceforge.net/

=== START OF INFORMATION SECTION ===
Model Family:     Western Digital Caviar Second Generation Serial ATA family
Device Model:     WDC WD1600AAJS-75M0A0
Serial Number:    WD-WCAV35616755
Firmware Version: 02.03E02
User Capacity:    160,000,000,000 bytes
Device is:        In smartctl database [for details use: -P show]
ATA Version is:   8
ATA Standard is:  Exact ATA specification draft version not indicated
Local Time is:    Wed May  5 13:05:18 2010 CST
SMART support is: Available - device has SMART capability.
SMART support is: Enabled
		</pre>
		<p>如果 SMART support is: Disabled 使用下面命令启用</p>
		<pre class="screen">
# smartctl --smart=on --offlineauto=on --saveauto=on /dev/hdb
		</pre>
		<p>健康情况</p>
		<pre class="screen">
# smartctl -H /dev/sda
smartctl version 5.38 [x86_64-redhat-linux-gnu] Copyright (C) 2002-8 Bruce Allen
Home page is http://smartmontools.sourceforge.net/

=== START OF READ SMART DATA SECTION ===
SMART overall-health self-assessment test result: PASSED
		</pre>
		<p>PASSED，这表示硬盘健康状态良好,Failure 最好立刻给服务器更换硬盘</p>
		<p>使用 -a 参数显示所有信息</p>
		<p>Seagate</p>
		<pre class="screen">
		
[root@manager ~]# smartctl -a /dev/sda
smartctl 5.43 2012-06-30 r3573 [x86_64-linux-2.6.32-358.11.1.el6.x86_64] (local build)
Copyright (C) 2002-12 by Bruce Allen, http://smartmontools.sourceforge.net

=== START OF INFORMATION SECTION ===
Model Family:     Seagate Constellation ES (SATA)
Device Model:     ST31000524NS
Serial Number:    9WK4B5RH
LU WWN Device Id: 5 000c50 035116f81
Firmware Version: SN12
User Capacity:    1,000,204,886,016 bytes [1.00 TB]
Sector Size:      512 bytes logical/physical
Device is:        In smartctl database [for details use: -P show]
ATA Version is:   8
ATA Standard is:  ATA-8-ACS revision 4
Local Time is:    Thu Dec 19 09:30:59 2013 HKT
SMART support is: Available - device has SMART capability.
SMART support is: Enabled

=== START OF READ SMART DATA SECTION ===
SMART overall-health self-assessment test result: PASSED

General SMART Values:
Offline data collection status:  (0x82)	Offline data collection activity
					was completed without error.
					Auto Offline Data Collection: Enabled.
Self-test execution status:      (   0)	The previous self-test routine completed
					without error or no self-test has ever 
					been run.
Total time to complete Offline 
data collection: 		(  617) seconds.
Offline data collection
capabilities: 			 (0x7b) SMART execute Offline immediate.
					Auto Offline data collection on/off support.
					Suspend Offline collection upon new
					command.
					Offline surface scan supported.
					Self-test supported.
					Conveyance Self-test supported.
					Selective Self-test supported.
SMART capabilities:            (0x0003)	Saves SMART data before entering
					power-saving mode.
					Supports SMART auto save timer.
Error logging capability:        (0x01)	Error logging supported.
					General Purpose Logging supported.
Short self-test routine 
recommended polling time: 	 (   1) minutes.
Extended self-test routine
recommended polling time: 	 ( 172) minutes.
Conveyance self-test routine
recommended polling time: 	 (   2) minutes.
SCT capabilities: 	       (0x10bd)	SCT Status supported.
					SCT Error Recovery Control supported.
					SCT Feature Control supported.
					SCT Data Table supported.

SMART Attributes Data Structure revision number: 10
Vendor Specific SMART Attributes with Thresholds:
ID# ATTRIBUTE_NAME          FLAG     VALUE WORST THRESH TYPE      UPDATED  WHEN_FAILED RAW_VALUE
  1 Raw_Read_Error_Rate     0x000f   082   063   044    Pre-fail  Always       -       187232024
  3 Spin_Up_Time            0x0003   096   095   000    Pre-fail  Always       -       0
  4 Start_Stop_Count        0x0032   100   100   020    Old_age   Always       -       219
  5 Reallocated_Sector_Ct   0x0033   100   100   036    Pre-fail  Always       -       0
  7 Seek_Error_Rate         0x000f   078   060   030    Pre-fail  Always       -       65487640
  9 Power_On_Hours          0x0032   077   077   000    Old_age   Always       -       20444
 10 Spin_Retry_Count        0x0013   100   100   097    Pre-fail  Always       -       0
 12 Power_Cycle_Count       0x0032   100   100   020    Old_age   Always       -       125
184 End-to-End_Error        0x0032   100   100   099    Old_age   Always       -       0
187 Reported_Uncorrect      0x0032   100   100   000    Old_age   Always       -       0
188 Command_Timeout         0x0032   100   100   000    Old_age   Always       -       0
189 High_Fly_Writes         0x003a   100   100   000    Old_age   Always       -       0
190 Airflow_Temperature_Cel 0x0022   067   055   045    Old_age   Always       -       33 (Min/Max 24/39)
191 G-Sense_Error_Rate      0x0032   100   100   000    Old_age   Always       -       0
192 Power-Off_Retract_Count 0x0032   100   100   000    Old_age   Always       -       103
193 Load_Cycle_Count        0x0032   100   100   000    Old_age   Always       -       219
194 Temperature_Celsius     0x0022   033   045   000    Old_age   Always       -       33 (0 22 0 0 0)
195 Hardware_ECC_Recovered  0x001a   031   022   000    Old_age   Always       -       187232024
197 Current_Pending_Sector  0x0012   100   100   000    Old_age   Always       -       0
198 Offline_Uncorrectable   0x0010   100   100   000    Old_age   Offline      -       0
199 UDMA_CRC_Error_Count    0x003e   200   200   000    Old_age   Always       -       0

SMART Error Log Version: 1
No Errors Logged

SMART Self-test log structure revision number 1
No self-tests have been logged.  [To run self-tests, use: smartctl -t]


SMART Selective self-test log data structure revision number 1
 SPAN  MIN_LBA  MAX_LBA  CURRENT_TEST_STATUS
    1        0        0  Not_testing
    2        0        0  Not_testing
    3        0        0  Not_testing
    4        0        0  Not_testing
    5        0        0  Not_testing
Selective self-test flags (0x0):
  After scanning selected spans, do NOT read-scan remainder of disk.
If Selective self-test is pending on power-up, resume after 0 minute delay.
		
		</pre>
		<p>Western Digital</p>
		<pre class="screen">
		
# smartctl -a /dev/sdb
smartctl 5.43 2012-06-30 r3573 [x86_64-linux-2.6.32-358.11.1.el6.x86_64] (local build)
Copyright (C) 2002-12 by Bruce Allen, http://smartmontools.sourceforge.net

=== START OF INFORMATION SECTION ===
Model Family:     Western Digital RE4 Serial ATA
Device Model:     WDC WD1003FBYX-01Y7B1
Serial Number:    WD-WMAW30176328
LU WWN Device Id: 5 0014ee 206836654
Firmware Version: 01.01V02
User Capacity:    1,000,204,886,016 bytes [1.00 TB]
Sector Size:      512 bytes logical/physical
Device is:        In smartctl database [for details use: -P show]
ATA Version is:   8
ATA Standard is:  Exact ATA specification draft version not indicated
Local Time is:    Thu Dec 19 09:31:03 2013 HKT
SMART support is: Available - device has SMART capability.
SMART support is: Enabled

=== START OF READ SMART DATA SECTION ===
SMART overall-health self-assessment test result: PASSED

General SMART Values:
Offline data collection status:  (0x84)	Offline data collection activity
					was suspended by an interrupting command from host.
					Auto Offline Data Collection: Enabled.
Self-test execution status:      (   0)	The previous self-test routine completed
					without error or no self-test has ever 
					been run.
Total time to complete Offline 
data collection: 		(15900) seconds.
Offline data collection
capabilities: 			 (0x7b) SMART execute Offline immediate.
					Auto Offline data collection on/off support.
					Suspend Offline collection upon new
					command.
					Offline surface scan supported.
					Self-test supported.
					Conveyance Self-test supported.
					Selective Self-test supported.
SMART capabilities:            (0x0003)	Saves SMART data before entering
					power-saving mode.
					Supports SMART auto save timer.
Error logging capability:        (0x01)	Error logging supported.
					General Purpose Logging supported.
Short self-test routine 
recommended polling time: 	 (   2) minutes.
Extended self-test routine
recommended polling time: 	 ( 156) minutes.
Conveyance self-test routine
recommended polling time: 	 (   5) minutes.
SCT capabilities: 	       (0x303f)	SCT Status supported.
					SCT Error Recovery Control supported.
					SCT Feature Control supported.
					SCT Data Table supported.

SMART Attributes Data Structure revision number: 16
Vendor Specific SMART Attributes with Thresholds:
ID# ATTRIBUTE_NAME          FLAG     VALUE WORST THRESH TYPE      UPDATED  WHEN_FAILED RAW_VALUE
  1 Raw_Read_Error_Rate     0x002f   200   200   051    Pre-fail  Always       -       0
  3 Spin_Up_Time            0x0027   180   175   021    Pre-fail  Always       -       3983
  4 Start_Stop_Count        0x0032   100   100   000    Old_age   Always       -       81
  5 Reallocated_Sector_Ct   0x0033   200   200   140    Pre-fail  Always       -       0
  7 Seek_Error_Rate         0x002e   200   200   000    Old_age   Always       -       0
  9 Power_On_Hours          0x0032   084   084   000    Old_age   Always       -       12404
 10 Spin_Retry_Count        0x0032   100   253   000    Old_age   Always       -       0
 11 Calibration_Retry_Count 0x0032   100   253   000    Old_age   Always       -       0
 12 Power_Cycle_Count       0x0032   100   100   000    Old_age   Always       -       79
192 Power-Off_Retract_Count 0x0032   200   200   000    Old_age   Always       -       70
193 Load_Cycle_Count        0x0032   200   200   000    Old_age   Always       -       10
194 Temperature_Celsius     0x0022   112   097   000    Old_age   Always       -       35
196 Reallocated_Event_Count 0x0032   200   200   000    Old_age   Always       -       0
197 Current_Pending_Sector  0x0032   200   200   000    Old_age   Always       -       0
198 Offline_Uncorrectable   0x0030   200   200   000    Old_age   Offline      -       0
199 UDMA_CRC_Error_Count    0x0032   200   200   000    Old_age   Always       -       0
200 Multi_Zone_Error_Rate   0x0008   200   200   000    Old_age   Offline      -       0

SMART Error Log Version: 1
No Errors Logged

SMART Self-test log structure revision number 1
No self-tests have been logged.  [To run self-tests, use: smartctl -t]


SMART Selective self-test log data structure revision number 1
 SPAN  MIN_LBA  MAX_LBA  CURRENT_TEST_STATUS
    1        0        0  Not_testing
    2        0        0  Not_testing
    3        0        0  Not_testing
    4        0        0  Not_testing
    5        0        0  Not_testing
Selective self-test flags (0x0):
  After scanning selected spans, do NOT read-scan remainder of disk.
If Selective self-test is pending on power-up, resume after 0 minute delay.		
				
		</pre>
	</div><div xmlns="" id="disqus_thread"></div><script xmlns="" type="text/javascript">
            /* * * CONFIGURATION VARIABLES: EDIT BEFORE PASTING INTO YOUR WEBPAGE * * */

            //if(document.domain == 'netkiller.github.io'){
            var disqus_shortname = 'netkiller'; // required: replace example with your forum shortname
            //}else{
			//var disqus_shortname = 'neochan';
            //}

            /* * * DON'T EDIT BELOW THIS LINE * * */
            (function() {
                var dsq = document.createElement('script'); dsq.type = 'text/javascript'; dsq.async = true;
                dsq.src = 'http://' + disqus_shortname + '.disqus.com/embed.js';
                (document.getElementsByTagName('head')[0] || document.getElementsByTagName('body')[0]).appendChild(dsq);
            })();
        </script><noscript xmlns="">Please enable JavaScript to view the <a href="http://disqus.com/?ref_noscript">comments powered by Disqus.</a></noscript><a xmlns="" href="http://disqus.com" class="dsq-brlink">comments powered by <span class="logo-disqus">Disqus</span></a><br xmlns="" /><script xmlns="" type="text/javascript" id="clustrmaps" src="//cdn.clustrmaps.com/map_v2.js?u=r5HG&amp;d=9mi5r_kkDC8uxG8HuY3p4-2qgeeVypAK9vMD-2P6BYM"></script><div class="navfooter"><hr /><table width="100%" summary="Navigation footer"><tr><td width="40%" align="left"><a accesskey="p" href="index.html">上一页</a> </td><td width="20%" align="center"><a accesskey="u" href="index.html">上一级</a></td><td width="40%" align="right"> <a accesskey="n" href="device.cpu.html">下一页</a></td></tr><tr><td width="40%" align="left" valign="top">第 6 章 Device information </td><td width="20%" align="center"><a accesskey="h" href="../index.html">起始页</a></td><td width="40%" align="right" valign="top"> 6.3. CPU 资源管理</td></tr></table></div><script xmlns="">
  (function(i,s,o,g,r,a,m){i['GoogleAnalyticsObject']=r;i[r]=i[r]||function(){
  (i[r].q=i[r].q||[]).push(arguments)},i[r].l=1*new Date();a=s.createElement(o),
  m=s.getElementsByTagName(o)[0];a.async=1;a.src=g;m.parentNode.insertBefore(a,m)
  })(window,document,'script','//www.google-analytics.com/analytics.js','ga');

  ga('create', 'UA-11694057-1', 'auto');
  ga('send', 'pageview');

</script><script xmlns="" type="text/javascript">
var _bdhmProtocol = (("https:" == document.location.protocol) ? " https://" : " http://");
document.write(unescape("%3Cscript src='" + _bdhmProtocol + "hm.baidu.com/h.js%3F997cd4a7320a82d72cb74d179118f697' type='text/javascript'%3E%3C/script%3E"));
</script><script xmlns="" type="text/javascript" src="/js/q.js"></script></body></html>