<?xml version="1.0" encoding="UTF-8" standalone="no"?>
<!DOCTYPE html PUBLIC "-//W3C//DTD XHTML 1.0 Transitional//EN" "http://www.w3.org/TR/xhtml1/DTD/xhtml1-transitional.dtd">
<html xmlns="http://www.w3.org/1999/xhtml"><head><meta http-equiv="Content-Type" content="text/html; charset=UTF-8" /><title>3. Show partition</title><link rel="stylesheet" href="/docbook.css" type="text/css" /><meta name="generator" content="DocBook XSL Stylesheets V1.75.2" /><link rel="home" href="index.html" title="Netkiller Linux Basics 手札" /><link rel="up" href="harddisk.html" title="第 8 章 Harddisk" /><link rel="prev" href="ch08s02.html" title="2. Label" /><link rel="next" href="ch08s04.html" title="4. Create partition" /></head><body><div class="navheader"><table width="100%" summary="Navigation header"><tr><th colspan="3" align="center">3. Show partition</th></tr><tr><td width="20%" align="left"><a accesskey="p" href="ch08s02.html">上一页</a> </td><th width="60%" align="center">第 8 章 Harddisk</th><td width="20%" align="right"> <a accesskey="n" href="ch08s04.html">下一页</a></td></tr></table><hr /></div><div class="section" title="3. Show partition"><div class="titlepage"><div><div><h2 class="title" style="clear: both"><a id="id1240372"></a>3. Show partition</h2></div></div></div><p>show all of disk and partition</p><pre class="screen">
neo@master:~$ sudo sfdisk -s
/dev/sda:   8388608
/dev/sdb:   2097152
total: 10485760 blocks
		</pre><p>or</p><pre class="screen">
neo@master:~$ sudo fdisk -l

Disk /dev/sda: 8589 MB, 8589934592 bytes
255 heads, 63 sectors/track, 1044 cylinders
Units = cylinders of 16065 * 512 = 8225280 bytes
Disk identifier: 0x000301bd

   Device Boot      Start         End      Blocks   Id  System
/dev/sda1   *           1         993     7976241   83  Linux
/dev/sda2             994        1044      409657+   5  Extended
/dev/sda5             994        1044      409626   82  Linux swap / Solaris

Disk /dev/sdb: 2147 MB, 2147483648 bytes
255 heads, 63 sectors/track, 261 cylinders
Units = cylinders of 16065 * 512 = 8225280 bytes
Disk identifier: 0x00000000

Disk /dev/sdb doesn't contain a valid partition table
neo@master:~$
		</pre><p>show partition /dev/sda</p><pre class="screen">
neo@master:~$ sudo fdisk -l /dev/sda

Disk /dev/sda: 8589 MB, 8589934592 bytes
255 heads, 63 sectors/track, 1044 cylinders
Units = cylinders of 16065 * 512 = 8225280 bytes
Disk identifier: 0x000301bd

   Device Boot      Start         End      Blocks   Id  System
/dev/sda1   *           1         993     7976241   83  Linux
/dev/sda2             994        1044      409657+   5  Extended
/dev/sda5             994        1044      409626   82  Linux swap / Solaris
neo@master:~$
		</pre></div><div class="navfooter"><hr /><table width="100%" summary="Navigation footer"><tr><td width="40%" align="left"><a accesskey="p" href="ch08s02.html">上一页</a> </td><td width="20%" align="center"><a accesskey="u" href="harddisk.html">上一级</a></td><td width="40%" align="right"> <a accesskey="n" href="ch08s04.html">下一页</a></td></tr><tr><td width="40%" align="left" valign="top">2. Label </td><td width="20%" align="center"><a accesskey="h" href="index.html">起始页</a></td><td width="40%" align="right" valign="top"> 4. Create partition</td></tr></table></div></body></html>
