<?xml version="1.0" encoding="UTF-8" standalone="no"?>
<!DOCTYPE html PUBLIC "-//W3C//DTD XHTML 1.0 Transitional//EN" "http://www.w3.org/TR/xhtml1/DTD/xhtml1-transitional.dtd">
<html xmlns="http://www.w3.org/1999/xhtml"><head><meta http-equiv="Content-Type" content="text/html; charset=UTF-8" /><title>10. GPT</title><link rel="stylesheet" href="/docbook.css" type="text/css" /><meta name="generator" content="DocBook XSL Stylesheets V1.75.2" /><link rel="home" href="index.html" title="Netkiller Linux Basics 手札" /><link rel="up" href="harddisk.html" title="第 8 章 Harddisk" /><link rel="prev" href="ch08s09.html" title="9. Convert from ext3 to ext4 File system" /><link rel="next" href="ch09.html" title="第 9 章 Removable Storage" /></head><body><div class="navheader"><table width="100%" summary="Navigation header"><tr><th colspan="3" align="center">10. GPT</th></tr><tr><td width="20%" align="left"><a accesskey="p" href="ch08s09.html">上一页</a> </td><th width="60%" align="center">第 8 章 Harddisk</th><td width="20%" align="right"> <a accesskey="n" href="ch09.html">下一页</a></td></tr></table><hr /></div><div class="section" title="10. GPT"><div class="titlepage"><div><div><h2 class="title" style="clear: both"><a id="id1240590"></a>10. GPT</h2></div></div></div><pre class="screen">
$ sudo parted /dev/sda
GNU Parted 2.3
Using /dev/sda
Welcome to GNU Parted! Type 'help' to view a list of commands.
(parted)		
		</pre><div class="section" title="10.1. 查看分区"><div class="titlepage"><div><div><h3 class="title"><a id="id1240600"></a>10.1. 查看分区</h3></div></div></div><pre class="screen">
(parted) print
Model: DELL PERC 6/i (scsi)
Disk /dev/sda: 2498GB
Sector size (logical/physical): 512B/512B
Partition Table: gpt

Number  Start   End     Size    File system     Name     Flags
 1      1049kB  50.0GB  50.0GB  ext4                     boot
 2      50.0GB  66.0GB  16.0GB  linux-swap(v1)
 3      66.0GB  2498GB  2432GB  ext4            /backup
			</pre><p>空闲空间</p><pre class="screen">
(parted) print free
Model: DELL PERC 6/i (scsi)
Disk /dev/sda: 2498GB
Sector size (logical/physical): 512B/512B
Partition Table: gpt

Number  Start   End     Size    File system     Name     Flags
        17.4kB  1049kB  1031kB  Free Space
 1      1049kB  50.0GB  50.0GB  ext4                     boot
 2      50.0GB  66.0GB  16.0GB  linux-swap(v1)
 3      66.0GB  2498GB  2432GB  ext4            /backup
        2498GB  2498GB  1032kB  Free Space
			</pre></div><div class="section" title="10.2. 创建分区"><div class="titlepage"><div><div><h3 class="title"><a id="id1240622"></a>10.2. 创建分区</h3></div></div></div><pre class="screen">
(parted) mkpart
Partition name?  []? /www
File system type?  [ext2]?
Start? 10GB
End? 50GB			
			</pre><div class="example"><a id="id1240630"></a><p class="title"><b>例 8.1. GPT Example</b></p><div class="example-contents"><pre class="screen">
(parted) print devices
/dev/sdb (9999GB)
/dev/sda (2498GB)
				
(parted) select /dev/sdb
Using /dev/sdb

(parted) mklabel gpt
Warning: The existing disk label on /dev/sdb will be destroyed and all data on this disk will be
lost. Do you want to continue?
Yes/No? yes

(parted) mkpart
Partition name?  []? /md1200
File system type?  [ext2]? ext4
Start? 0GB
End? 9999GB

(parted) print list
Model: DELL PERC H800 (scsi)
Disk /dev/sdb: 9999GB
Sector size (logical/physical): 512B/512B
Partition Table: gpt

Number  Start   End     Size    File system  Name     Flags
 1      1049kB  9999GB  9999GB               /md1200


Model: DELL PERC 6/i (scsi)
Disk /dev/sda: 2498GB
Sector size (logical/physical): 512B/512B
Partition Table: gpt

Number  Start   End     Size    File system     Name     Flags
 1      1049kB  50.0GB  50.0GB  ext4                     boot
 2      50.0GB  66.0GB  16.0GB  linux-swap(v1)
 3      66.0GB  2498GB  2432GB  ext4            /backup


(parted)
				</pre></div></div><br class="example-break" /></div><div class="section" title="10.3. 退出"><div class="titlepage"><div><div><h3 class="title"><a id="id1240648"></a>10.3. 退出</h3></div></div></div><pre class="screen">
(parted) quit
			</pre></div><div class="section" title="10.4. mount"><div class="titlepage"><div><div><h3 class="title"><a id="id1240655"></a>10.4. mount</h3></div></div></div><pre class="screen">
neo@backup:~$ sudo blkid
[sudo] password for neo:
/dev/sda1: UUID="2fc411ec-9f6e-4e04-9270-11d23a9b0668" TYPE="ext4"
/dev/sda2: UUID="f5175b7a-4c87-471c-ab9f-9d601bc5e6e2" TYPE="swap"
/dev/sda3: UUID="3217bdd9-1beb-494a-a428-8d1c09eaa1af" TYPE="ext4"
			
neo@backup:~$ sudo vim /etc/fstab
UUID=3217bdd9-1beb-494a-a428-8d1c09eaa1af /backup ext4 errors=remount-ro 0       1			
			</pre></div></div><div class="navfooter"><hr /><table width="100%" summary="Navigation footer"><tr><td width="40%" align="left"><a accesskey="p" href="ch08s09.html">上一页</a> </td><td width="20%" align="center"><a accesskey="u" href="harddisk.html">上一级</a></td><td width="40%" align="right"> <a accesskey="n" href="ch09.html">下一页</a></td></tr><tr><td width="40%" align="left" valign="top">9. Convert from ext3 to ext4 File system </td><td width="20%" align="center"><a accesskey="h" href="index.html">起始页</a></td><td width="40%" align="right" valign="top"> 第 9 章 Removable Storage</td></tr></table></div></body></html>
